{
  "data": {
    "createSample": {
      "sample": {
        "name": "a4dac2d0-eda7-4a47-aabc-809b201364aa"
      }
    }
  }
}
